Archive member included to satisfy reference by file (symbol)

/Users/qiaomein/drone_stack/drone_stack/ThirdParty/Lib/GCC/libarm_cortexM4lf_math.a(arm_sin_f32.o)
                              ./Core/Src/main.o (arm_sin_f32)
/Users/qiaomein/drone_stack/drone_stack/ThirdParty/Lib/GCC/libarm_cortexM4lf_math.a(arm_common_tables.o)
                              /Users/qiaomein/drone_stack/drone_stack/ThirdParty/Lib/GCC/libarm_cortexM4lf_math.a(arm_sin_f32.o) (sinTable_f32)
/Applications/STM32CubeIDE.app/Contents/Eclipse/plugins/com.st.stm32cube.ide.mcu.externaltools.gnu-tools-for-stm32.13.3.rel1.macos64_1.0.0.202411102158/tools/bin/../lib/gcc/arm-none-eabi/13.3.1/../../../../arm-none-eabi/lib/thumb/v7e-m+fp/hard/libc_nano.a(libc_a-exit.o)
                              /Applications/STM32CubeIDE.app/Contents/Eclipse/plugins/com.st.stm32cube.ide.mcu.externaltools.gnu-tools-for-stm32.13.3.rel1.macos64_1.0.0.202411102158/tools/bin/../lib/gcc/arm-none-eabi/13.3.1/../../../../arm-none-eabi/lib/thumb/v7e-m+fp/hard/crt0.o (exit)
/Applications/STM32CubeIDE.app/Contents/Eclipse/plugins/com.st.stm32cube.ide.mcu.externaltools.gnu-tools-for-stm32.13.3.rel1.macos64_1.0.0.202411102158/tools/bin/../lib/gcc/arm-none-eabi/13.3.1/../../../../arm-none-eabi/lib/thumb/v7e-m+fp/hard/libc_nano.a(libc_a-findfp.o)
                              /Applications/STM32CubeIDE.app/Contents/Eclipse/plugins/com.st.stm32cube.ide.mcu.externaltools.gnu-tools-for-stm32.13.3.rel1.macos64_1.0.0.202411102158/tools/bin/../lib/gcc/arm-none-eabi/13.3.1/../../../../arm-none-eabi/lib/thumb/v7e-m+fp/hard/libc_nano.a(libc_a-exit.o) (__stdio_exit_handler)
/Applications/STM32CubeIDE.app/Contents/Eclipse/plugins/com.st.stm32cube.ide.mcu.externaltools.gnu-tools-for-stm32.13.3.rel1.macos64_1.0.0.202411102158/tools/bin/../lib/gcc/arm-none-eabi/13.3.1/../../../../arm-none-eabi/lib/thumb/v7e-m+fp/hard/libc_nano.a(libc_a-fwalk.o)
                              /Applications/STM32CubeIDE.app/Contents/Eclipse/plugins/com.st.stm32cube.ide.mcu.externaltools.gnu-tools-for-stm32.13.3.rel1.macos64_1.0.0.202411102158/tools/bin/../lib/gcc/arm-none-eabi/13.3.1/../../../../arm-none-eabi/lib/thumb/v7e-m+fp/hard/libc_nano.a(libc_a-findfp.o) (_fwalk_sglue)
/Applications/STM32CubeIDE.app/Contents/Eclipse/plugins/com.st.stm32cube.ide.mcu.externaltools.gnu-tools-for-stm32.13.3.rel1.macos64_1.0.0.202411102158/tools/bin/../lib/gcc/arm-none-eabi/13.3.1/../../../../arm-none-eabi/lib/thumb/v7e-m+fp/hard/libc_nano.a(libc_a-memset.o)
                              /Applications/STM32CubeIDE.app/Contents/Eclipse/plugins/com.st.stm32cube.ide.mcu.externaltools.gnu-tools-for-stm32.13.3.rel1.macos64_1.0.0.202411102158/tools/bin/../lib/gcc/arm-none-eabi/13.3.1/../../../../arm-none-eabi/lib/thumb/v7e-m+fp/hard/crt0.o (memset)
/Applications/STM32CubeIDE.app/Contents/Eclipse/plugins/com.st.stm32cube.ide.mcu.externaltools.gnu-tools-for-stm32.13.3.rel1.macos64_1.0.0.202411102158/tools/bin/../lib/gcc/arm-none-eabi/13.3.1/../../../../arm-none-eabi/lib/thumb/v7e-m+fp/hard/libc_nano.a(libc_a-errno.o)
                              ./Core/Src/syscalls.o (__errno)
/Applications/STM32CubeIDE.app/Contents/Eclipse/plugins/com.st.stm32cube.ide.mcu.externaltools.gnu-tools-for-stm32.13.3.rel1.macos64_1.0.0.202411102158/tools/bin/../lib/gcc/arm-none-eabi/13.3.1/../../../../arm-none-eabi/lib/thumb/v7e-m+fp/hard/libc_nano.a(libc_a-init.o)
                              /Applications/STM32CubeIDE.app/Contents/Eclipse/plugins/com.st.stm32cube.ide.mcu.externaltools.gnu-tools-for-stm32.13.3.rel1.macos64_1.0.0.202411102158/tools/bin/../lib/gcc/arm-none-eabi/13.3.1/../../../../arm-none-eabi/lib/thumb/v7e-m+fp/hard/crt0.o (__libc_init_array)
/Applications/STM32CubeIDE.app/Contents/Eclipse/plugins/com.st.stm32cube.ide.mcu.externaltools.gnu-tools-for-stm32.13.3.rel1.macos64_1.0.0.202411102158/tools/bin/../lib/gcc/arm-none-eabi/13.3.1/../../../../arm-none-eabi/lib/thumb/v7e-m+fp/hard/libc_nano.a(libc_a-lock.o)
                              /Applications/STM32CubeIDE.app/Contents/Eclipse/plugins/com.st.stm32cube.ide.mcu.externaltools.gnu-tools-for-stm32.13.3.rel1.macos64_1.0.0.202411102158/tools/bin/../lib/gcc/arm-none-eabi/13.3.1/../../../../arm-none-eabi/lib/thumb/v7e-m+fp/hard/libc_nano.a(libc_a-findfp.o) (__retarget_lock_init_recursive)
/Applications/STM32CubeIDE.app/Contents/Eclipse/plugins/com.st.stm32cube.ide.mcu.externaltools.gnu-tools-for-stm32.13.3.rel1.macos64_1.0.0.202411102158/tools/bin/../lib/gcc/arm-none-eabi/13.3.1/../../../../arm-none-eabi/lib/thumb/v7e-m+fp/hard/libc_nano.a(libc_a-impure.o)
                              /Applications/STM32CubeIDE.app/Contents/Eclipse/plugins/com.st.stm32cube.ide.mcu.externaltools.gnu-tools-for-stm32.13.3.rel1.macos64_1.0.0.202411102158/tools/bin/../lib/gcc/arm-none-eabi/13.3.1/../../../../arm-none-eabi/lib/thumb/v7e-m+fp/hard/libc_nano.a(libc_a-errno.o) (_impure_ptr)
[...]
Memory Configuration

Name             Origin             Length             Attributes
RAM              0x20000000         0x00018000         xrw
RAM2             0x10000000         0x00008000         xrw
FLASH            0x08000000         0x00100000         xr
*default*        0x00000000         0xffffffff

Linker script and memory map

LOAD /Applications/STM32CubeIDE.app/Contents/Eclipse/plugins/com.st.stm32cube.ide.mcu.externaltools.gnu-tools-for-stm32.13.3.rel1.macos64_1.0.0.202411102158/tools/bin/../lib/gcc/arm-none-eabi/13.3.1/thumb/v7e-m+fp/hard/crti.o
LOAD /Applications/STM32CubeIDE.app/Contents/Eclipse/plugins/com.st.stm32cube.ide.mcu.externaltools.gnu-tools-for-stm32.13.3.rel1.macos64_1.0.0.202411102158/tools/bin/../lib/gcc/arm-none-eabi/13.3.1/thumb/v7e-m+fp/hard/crtbegin.o
LOAD /Applications/STM32CubeIDE.app/Contents/Eclipse/plugins/com.st.stm32cube.ide.mcu.externaltools.gnu-tools-for-stm32.13.3.rel1.macos64_1.0.0.202411102158/tools/bin/../lib/gcc/arm-none-eabi/13.3.1/../../../../arm-none-eabi/lib/thumb/v7e-m+fp/hard/crt0.o
LOAD ./Core/Src/IMU.o
LOAD ./Core/Src/VL53L0X.o
LOAD ./Core/Src/main.o
LOAD ./Core/Src/stm32l4xx_hal_msp.o
LOAD ./Core/Src/stm32l4xx_it.o
LOAD ./Core/Src/syscalls.o
LOAD ./Core/Src/sysmem.o
LOAD ./Core/Src/system_stm32l4xx.o
LOAD ./Core/Src/ukf.o
LOAD ./Core/Startup/startup_stm32l476rgtx.o
LOAD ./Drivers/STM32L4xx_HAL_Driver/Src/stm32l4xx_hal.o
LOAD ./Drivers/STM32L4xx_HAL_Driver/Src/stm32l4xx_hal_cortex.o
LOAD ./Drivers/STM32L4xx_HAL_Driver/Src/stm32l4xx_hal_dma.o
LOAD ./Drivers/STM32L4xx_HAL_Driver/Src/stm32l4xx_hal_dma_ex.o
LOAD ./Drivers/STM32L4xx_HAL_Driver/Src/stm32l4xx_hal_exti.o
LOAD ./Drivers/STM32L4xx_HAL_Driver/Src/stm32l4xx_hal_flash.o
LOAD ./Drivers/STM32L4xx_HAL_Driver/Src/stm32l4xx_hal_flash_ex.o
LOAD ./Drivers/STM32L4xx_HAL_Driver/Src/stm32l4xx_hal_flash_ramfunc.o
LOAD ./Drivers/STM32L4xx_HAL_Driver/Src/stm32l4xx_hal_gpio.o
LOAD ./Drivers/STM32L4xx_HAL_Driver/Src/stm32l4xx_hal_i2c.o
LOAD ./Drivers/STM32L4xx_HAL_Driver/Src/stm32l4xx_hal_i2c_ex.o
LOAD ./Drivers/STM32L4xx_HAL_Driver/Src/stm32l4xx_hal_pwr.o
LOAD ./Drivers/STM32L4xx_HAL_Driver/Src/stm32l4xx_hal_pwr_ex.o
LOAD ./Drivers/STM32L4xx_HAL_Driver/Src/stm32l4xx_hal_rcc.o
LOAD ./Drivers/STM32L4xx_HAL_Driver/Src/stm32l4xx_hal_rcc_ex.o
LOAD ./Drivers/STM32L4xx_HAL_Driver/Src/stm32l4xx_hal_uart.o
LOAD ./Drivers/STM32L4xx_HAL_Driver/Src/stm32l4xx_hal_uart_ex.o
LOAD /Users/qiaomein/drone_stack/drone_stack/ThirdParty/Lib/GCC/libarm_cortexM4lf_math.a
START GROUP
LOAD /Applications/STM32CubeIDE.app/Contents/Eclipse/plugins/com.st.stm32cube.ide.mcu.externaltools.gnu-tools-for-stm32.13.3.rel1.macos64_1.0.0.202411102158/tools/bin/../lib/gcc/arm-none-eabi/13.3.1/../../../../arm-none-eabi/lib/thumb/v7e-m+fp/hard/libc_nano.a
LOAD /Applications/STM32CubeIDE.app/Contents/Eclipse/plugins/com.st.stm32cube.ide.mcu.externaltools.gnu-tools-for-stm32.13.3.rel1.macos64_1.0.0.202411102158/tools/bin/../lib/gcc/arm-none-eabi/13.3.1/../../../../arm-none-eabi/lib/thumb/v7e-m+fp/hard/libm.a
END GROUP
START GROUP
LOAD /Applications/STM32CubeIDE.app/Contents/Eclipse/plugins/com.st.stm32cube.ide.mcu.externaltools.gnu-tools-for-stm32.13.3.rel1.macos64_1.0.0.202411102158/tools/bin/../lib/gcc/arm-none-eabi/13.3.1/thumb/v7e-m+fp/hard/libgcc.a
LOAD /Applications/STM32CubeIDE.app/Contents/Eclipse/plugins/com.st.stm32cube.ide.mcu.externaltools.gnu-tools-for-stm32.13.3.rel1.macos64_1.0.0.202411102158/tools/bin/../lib/gcc/arm-none-eabi/13.3.1/../../../../arm-none-eabi/lib/thumb/v7e-m+fp/hard/libc_nano.a
END GROUP
START GROUP
LOAD /Applications/STM32CubeIDE.app/Contents/Eclipse/plugins/com.st.stm32cube.ide.mcu.externaltools.gnu-tools-for-stm32.13.3.rel1.macos64_1.0.0.202411102158/tools/bin/../lib/gcc/arm-none-eabi/13.3.1/thumb/v7e-m+fp/hard/libgcc.a
LOAD /Applications/STM32CubeIDE.app/Contents/Eclipse/plugins/com.st.stm32cube.ide.mcu.externaltools.gnu-tools-for-stm32.13.3.rel1.macos64_1.0.0.202411102158/tools/bin/../lib/gcc/arm-none-eabi/13.3.1/../../../../arm-none-eabi/lib/thumb/v7e-m+fp/hard/libc_nano.a
LOAD /Applications/STM32CubeIDE.app/Contents/Eclipse/plugins/com.st.stm32cube.ide.mcu.externaltools.gnu-tools-for-stm32.13.3.rel1.macos64_1.0.0.202411102158/tools/bin/../lib/gcc/arm-none-eabi/13.3.1/../../../../arm-none-eabi/lib/thumb/v7e-m+fp/hard/libnosys.a
END GROUP
START GROUP
LOAD /Applications/STM32CubeIDE.app/Contents/Eclipse/plugins/com.st.stm32cube.ide.mcu.externaltools.gnu-tools-for-stm32.13.3.rel1.macos64_1.0.0.202411102158/tools/bin/../lib/gcc/arm-none-eabi/13.3.1/thumb/v7e-m+fp/hard/libgcc.a
LOAD /Applications/STM32CubeIDE.app/Contents/Eclipse/plugins/com.st.stm32cube.ide.mcu.externaltools.gnu-tools-for-stm32.13.3.rel1.macos64_1.0.0.202411102158/tools/bin/../lib/gcc/arm-none-eabi/13.3.1/../../../../arm-none-eabi/lib/thumb/v7e-m+fp/hard/libc_nano.a
LOAD /Applications/STM32CubeIDE.app/Contents/Eclipse/plugins/com.st.stm32cube.ide.mcu.externaltools.gnu-tools-for-stm32.13.3.rel1.macos64_1.0.0.202411102158/tools/bin/../lib/gcc/arm-none-eabi/13.3.1/../../../../arm-none-eabi/lib/thumb/v7e-m+fp/hard/libnosys.a
END GROUP
LOAD /Applications/STM32CubeIDE.app/Contents/Eclipse/plugins/com.st.stm32cube.ide.mcu.externaltools.gnu-tools-for-stm32.13.3.rel1.macos64_1.0.0.202411102158/tools/bin/../lib/gcc/arm-none-eabi/13.3.1/thumb/v7e-m+fp/hard/crtend.o
LOAD /Applications/STM32CubeIDE.app/Contents/Eclipse/plugins/com.st.stm32cube.ide.mcu.externaltools.gnu-tools-for-stm32.13.3.rel1.macos64_1.0.0.202411102158/tools/bin/../lib/gcc/arm-none-eabi/13.3.1/thumb/v7e-m+fp/hard/crtn.o
                0x20018000                        _estack = (ORIGIN (RAM) + LENGTH (RAM))
                0x00000200                        _Min_Heap_Size = 0x200
                0x00000400                        _Min_Stack_Size = 0x400

.isr_vector     0x08000000      0x188
                0x08000000                        . = ALIGN (0x4)
 *(.isr_vector)
 .isr_vector    0x08000000      0x188 ./Core/Startup/startup_stm32l476rgtx.o
                0x08000000                g_pfnVectors
                0x08000188                        . = ALIGN (0x4)

.text           0x08000188     0x39c8
                0x08000188                        . = ALIGN (0x4)
 *(.text)
 .text          0x08000188       0x40 /Applications/STM32CubeIDE.app/Contents/Eclipse/plugins/com.st.stm32cube.ide.mcu.externaltools.gnu-tools-for-stm32.13.3.rel1.macos64_1.0.0.202411102158/tools/bin/../lib/gcc/arm-none-eabi/13.3.1/thumb/v7e-m+fp/hard/crtbegin.o
 .text          0x080001c8       0x30 /Applications/STM32CubeIDE.app/Contents/Eclipse/plugins/com.st.stm32cube.ide.mcu.externaltools.gnu-tools-for-stm32.13.3.rel1.macos64_1.0.0.202411102158/tools/bin/../lib/gcc/arm-none-eabi/13.3.1/thumb/v7e-m+fp/hard/libgcc.a(_aeabi_uldivmod.o)
                0x080001c8                __aeabi_uldivmod
 .text          0x080001f8      0x2f8 /Applications/STM32CubeIDE.app/Contents/Eclipse/plugins/com.st.stm32cube.ide.mcu.externaltools.gnu-tools-for-stm32.13.3.rel1.macos64_1.0.0.202411102158/tools/bin/../lib/gcc/arm-none-eabi/13.3.1/thumb/v7e-m+fp/hard/libgcc.a(_udivmoddi4.o)
                0x080001f8                __udivmoddi4
 .text          0x080004f0        0x4 /Applications/STM32CubeIDE.app/Contents/Eclipse/plugins/com.st.stm32cube.ide.mcu.externaltools.gnu-tools-for-stm32.13.3.rel1.macos64_1.0.0.202411102158/tools/bin/../lib/gcc/arm-none-eabi/13.3.1/thumb/v7e-m+fp/hard/libgcc.a(_dvmd_tls.o)
                0x080004f0                __aeabi_ldiv0
                0x080004f0                __aeabi_idiv0
 *(.text*)
 .text.IMU_Init
                0x080004f4       0x90 ./Core/Src/IMU.o
                0x080004f4                IMU_Init
 .text.IMU_GetAccel
                0x08000584       0x3c ./Core/Src/IMU.o
                0x08000584                IMU_GetAccel
 .text.perform_single_ref_calibration
                0x080005c0       0xc4 ./Core/Src/VL53L0X.o
 .text.VL53L0X_Init
                0x08000684      0x98c ./Core/Src/VL53L0X.o
                0x08000684                VL53L0X_Init
 .text.HAL_GPIO_EXTI_Callback
                0x08001010       0x54 ./Core/Src/main.o
                0x08001010                HAL_GPIO_EXTI_Callback
 *fill*         0x08001064        0x4 
 .text.SystemClock_Config
                0x08001068       0x88 ./Core/Src/main.o
                0x08001068                SystemClock_Config
 .text.startup.main
                0x080010f0      0x1a4 ./Core/Src/main.o
                0x080010f0                main
 .text.Error_Handler
                0x08001294        0x4 ./Core/Src/main.o
                0x08001294                Error_Handler
 .text.HAL_MspInit
                0x08001298       0x30 ./Core/Src/stm32l4xx_hal_msp.o
                0x08001298                HAL_MspInit
 .text.HAL_I2C_MspInit
                0x080012c8       0x94 ./Core/Src/stm32l4xx_hal_msp.o
                0x080012c8                HAL_I2C_MspInit
 *fill*         0x0800135c        0x4 
 .text.HAL_UART_MspInit
                0x08001360       0x98 ./Core/Src/stm32l4xx_hal_msp.o
                0x08001360                HAL_UART_MspInit
 .text.NMI_Handler
                0x080013f8        0x4 ./Core/Src/stm32l4xx_it.o
                0x080013f8                NMI_Handler
 .text.HardFault_Handler
                0x080013fc        0x4 ./Core/Src/stm32l4xx_it.o
                0x080013fc                HardFault_Handler
 .text.MemManage_Handler
                0x08001400        0x4 ./Core/Src/stm32l4xx_it.o
                0x08001400                MemManage_Handler
 .text.BusFault_Handler
                0x08001404        0x4 ./Core/Src/stm32l4xx_it.o
                0x08001404                BusFault_Handler
 .text.UsageFault_Handler
                0x08001408        0x4 ./Core/Src/stm32l4xx_it.o
                0x08001408                UsageFault_Handler
 .text.SVC_Handler
                0x0800140c        0x4 ./Core/Src/stm32l4xx_it.o
                0x0800140c                SVC_Handler
 .text.DebugMon_Handler
                0x08001410        0x4 ./Core/Src/stm32l4xx_it.o
                0x08001410                DebugMon_Handler
 .text.PendSV_Handler
                0x08001414        0x4 ./Core/Src/stm32l4xx_it.o
                0x08001414                PendSV_Handler
 .text.SysTick_Handler
                0x08001418        0x4 ./Core/Src/stm32l4xx_it.o
                0x08001418                SysTick_Handler
 .text.EXTI15_10_IRQHandler
                0x0800141c       0x18 ./Core/Src/stm32l4xx_it.o
                0x0800141c                EXTI15_10_IRQHandler
 .text.SystemInit
                0x08001434       0x14 ./Core/Src/system_stm32l4xx.o
                0x08001434                SystemInit
 .text.Reset_Handler
                0x08001448       0x50 ./Core/Startup/startup_stm32l476rgtx.o
                0x08001448                Reset_Handler
 .text.Default_Handler
                0x08001498        0x2 ./Core/Startup/startup_stm32l476rgtx.o
                0x08001498                TIM1_BRK_TIM15_IRQHandler
                0x08001498                EXTI2_IRQHandler
                0x08001498                TIM8_TRG_COM_IRQHandler
                0x08001498                TIM8_CC_IRQHandler
                0x08001498                TIM1_CC_IRQHandler
                0x08001498                TSC_IRQHandler
                0x08001498                TAMP_STAMP_IRQHandler
                0x08001498                EXTI3_IRQHandler
                0x08001498                LPTIM2_IRQHandler
                0x08001498                DFSDM1_FLT1_IRQHandler
                0x08001498                I2C3_ER_IRQHandler
                0x08001498                DFSDM1_FLT2_IRQHandler
                0x08001498                EXTI0_IRQHandler
                0x08001498                I2C2_EV_IRQHandler
                0x08001498                CAN1_RX0_IRQHandler
                0x08001498                FPU_IRQHandler
                0x08001498                TIM1_UP_TIM16_IRQHandler
                0x08001498                ADC1_2_IRQHandler
                0x08001498                SPI1_IRQHandler
                0x08001498                TIM6_DAC_IRQHandler
                0x08001498                TIM8_UP_IRQHandler
                0x08001498                DMA2_Channel2_IRQHandler
                0x08001498                DMA1_Channel4_IRQHandler
                0x08001498                SAI2_IRQHandler
                0x08001498                DFSDM1_FLT3_IRQHandler
                0x08001498                USART3_IRQHandler
                0x08001498                DMA1_Channel7_IRQHandler
                0x08001498                CAN1_RX1_IRQHandler
                0x08001498                LCD_IRQHandler
                0x08001498                UART5_IRQHandler
                0x08001498                ADC3_IRQHandler
                0x08001498                TIM4_IRQHandler
                0x08001498                DMA2_Channel1_IRQHandler
                0x08001498                QUADSPI_IRQHandler
                0x08001498                I2C1_EV_IRQHandler
                0x08001498                DMA1_Channel6_IRQHandler
                0x08001498                UART4_IRQHandler
                0x08001498                DMA2_Channel4_IRQHandler
                0x08001498                TIM3_IRQHandler
                0x08001498                RCC_IRQHandler
                0x08001498                DMA1_Channel1_IRQHandler
                0x08001498                Default_Handler
                0x08001498                DMA2_Channel7_IRQHandler
                0x08001498                TIM7_IRQHandler
                0x08001498                SDMMC1_IRQHandler
                0x08001498                TIM5_IRQHandler
                0x08001498                I2C3_EV_IRQHandler
                0x08001498                EXTI9_5_IRQHandler
                0x08001498                RTC_WKUP_IRQHandler
                0x08001498                PVD_PVM_IRQHandler
                0x08001498                SPI2_IRQHandler
                0x08001498                CAN1_TX_IRQHandler
                0x08001498                DMA2_Channel5_IRQHandler
                0x08001498                DMA1_Channel5_IRQHandler
                0x08001498                EXTI4_IRQHandler
                0x08001498                RNG_IRQHandler
                0x08001498                TIM1_TRG_COM_TIM17_IRQHandler
                0x08001498                DMA1_Channel3_IRQHandler
                0x08001498                COMP_IRQHandler
                0x08001498                WWDG_IRQHandler
                0x08001498                LPUART1_IRQHandler
                0x08001498                DMA2_Channel6_IRQHandler
                0x08001498                TIM2_IRQHandler
                0x08001498                EXTI1_IRQHandler
                0x08001498                USART2_IRQHandler
                0x08001498                DFSDM1_FLT0_IRQHandler
                0x08001498                I2C2_ER_IRQHandler
                0x08001498                DMA1_Channel2_IRQHandler
                0x08001498                TIM8_BRK_IRQHandler
                0x08001498                CAN1_SCE_IRQHandler
                0x08001498                FLASH_IRQHandler
                0x08001498                USART1_IRQHandler
                0x08001498                OTG_FS_IRQHandler
                0x08001498                SPI3_IRQHandler
                0x08001498                I2C1_ER_IRQHandler
                0x08001498                FMC_IRQHandler
                0x08001498                SWPMI1_IRQHandler
                0x08001498                LPTIM1_IRQHandler
                0x08001498                SAI1_IRQHandler
                0x08001498                DMA2_Channel3_IRQHandler
                0x08001498                RTC_Alarm_IRQHandler
 *fill*         0x0800149a        0x2 
 .text.HAL_InitTick
                0x0800149c       0x4c ./Drivers/STM32L4xx_HAL_Driver/Src/stm32l4xx_hal.o
                0x0800149c                HAL_InitTick
 .text.HAL_Init
                0x080014e8       0x30 ./Drivers/STM32L4xx_HAL_Driver/Src/stm32l4xx_hal.o
                0x080014e8                HAL_Init
 .text.HAL_IncTick
                0x08001518       0x18 ./Drivers/STM32L4xx_HAL_Driver/Src/stm32l4xx_hal.o
                0x08001518                HAL_IncTick
 .text.HAL_GetTick
                0x08001530        0xc ./Drivers/STM32L4xx_HAL_Driver/Src/stm32l4xx_hal.o
                0x08001530                HAL_GetTick
 .text.HAL_Delay
                0x0800153c       0x24 ./Drivers/STM32L4xx_HAL_Driver/Src/stm32l4xx_hal.o
                0x0800153c                HAL_Delay
 .text.HAL_NVIC_SetPriorityGrouping
                0x08001560       0x24 ./Drivers/STM32L4xx_HAL_Driver/Src/stm32l4xx_hal_cortex.o
                0x08001560                HAL_NVIC_SetPriorityGrouping
 .text.HAL_NVIC_SetPriority
                0x08001584       0x78 ./Drivers/STM32L4xx_HAL_Driver/Src/stm32l4xx_hal_cortex.o
                0x08001584                HAL_NVIC_SetPriority
 .text.HAL_NVIC_EnableIRQ
                0x080015fc       0x1c ./Drivers/STM32L4xx_HAL_Driver/Src/stm32l4xx_hal_cortex.o
                0x080015fc                HAL_NVIC_EnableIRQ
 .text.HAL_SYSTICK_Config
                0x08001618       0x34 ./Drivers/STM32L4xx_HAL_Driver/Src/stm32l4xx_hal_cortex.o
                0x08001618                HAL_SYSTICK_Config
 .text.HAL_GPIO_Init
                0x0800164c      0x3d8 ./Drivers/STM32L4xx_HAL_Driver/Src/stm32l4xx_hal_gpio.o
                0x0800164c                HAL_GPIO_Init
 .text.HAL_GPIO_WritePin
                0x08001a24        0xc ./Drivers/STM32L4xx_HAL_Driver/Src/stm32l4xx_hal_gpio.o
                0x08001a24                HAL_GPIO_WritePin
 .text.HAL_GPIO_TogglePin
                0x08001a30       0x14 ./Drivers/STM32L4xx_HAL_Driver/Src/stm32l4xx_hal_gpio.o
                0x08001a30                HAL_GPIO_TogglePin
 .text.HAL_GPIO_EXTI_IRQHandler
                0x08001a44       0x18 ./Drivers/STM32L4xx_HAL_Driver/Src/stm32l4xx_hal_gpio.o
                0x08001a44                HAL_GPIO_EXTI_IRQHandler
 .text.I2C_WaitOnFlagUntilTimeout.constprop.0
                0x08001a5c      0x140 ./Drivers/STM32L4xx_HAL_Driver/Src/stm32l4xx_hal_i2c.o
 .text.I2C_WaitOnTXISFlagUntilTimeout
                0x08001b9c      0x16c ./Drivers/STM32L4xx_HAL_Driver/Src/stm32l4xx_hal_i2c.o
 .text.I2C_WaitOnFlagUntilTimeout
                0x08001d08      0x17c ./Drivers/STM32L4xx_HAL_Driver/Src/stm32l4xx_hal_i2c.o
 .text.I2C_WaitOnSTOPFlagUntilTimeout
                0x08001e84      0x160 ./Drivers/STM32L4xx_HAL_Driver/Src/stm32l4xx_hal_i2c.o
 .text.HAL_I2C_Init
                0x08001fe4       0xb4 ./Drivers/STM32L4xx_HAL_Driver/Src/stm32l4xx_hal_i2c.o
                0x08001fe4                HAL_I2C_Init
 .text.HAL_I2C_Mem_Write
                0x08002098      0x1f8 ./Drivers/STM32L4xx_HAL_Driver/Src/stm32l4xx_hal_i2c.o
                0x08002098                HAL_I2C_Mem_Write
 .text.HAL_I2C_Mem_Read
                0x08002290      0x1fc ./Drivers/STM32L4xx_HAL_Driver/Src/stm32l4xx_hal_i2c.o
                0x08002290                HAL_I2C_Mem_Read
 .text.HAL_I2CEx_ConfigAnalogFilter
                0x0800248c       0x54 ./Drivers/STM32L4xx_HAL_Driver/Src/stm32l4xx_hal_i2c_ex.o
                0x0800248c                HAL_I2CEx_ConfigAnalogFilter
 .text.HAL_I2CEx_ConfigDigitalFilter
                0x080024e0       0x58 ./Drivers/STM32L4xx_HAL_Driver/Src/stm32l4xx_hal_i2c_ex.o
                0x080024e0                HAL_I2CEx_ConfigDigitalFilter
 .text.HAL_PWREx_GetVoltageRange
                0x08002538       0x10 ./Drivers/STM32L4xx_HAL_Driver/Src/stm32l4xx_hal_pwr_ex.o
                0x08002538                HAL_PWREx_GetVoltageRange
 .text.HAL_PWREx_ControlVoltageScaling
                0x08002548       0x80 ./Drivers/STM32L4xx_HAL_Driver/Src/stm32l4xx_hal_pwr_ex.o
                0x08002548                HAL_PWREx_ControlVoltageScaling
 .text.RCC_SetFlashLatencyFromMSIRange
                0x080025c8       0x8c ./Drivers/STM32L4xx_HAL_Driver/Src/stm32l4xx_hal_rcc.o
 .text.HAL_RCC_GetSysClockFreq
                0x08002654       0xa0 ./Drivers/STM32L4xx_HAL_Driver/Src/stm32l4xx_hal_rcc.o
                0x08002654                HAL_RCC_GetSysClockFreq
 .text.HAL_RCC_OscConfig
                0x080026f4      0x5d8 ./Drivers/STM32L4xx_HAL_Driver/Src/stm32l4xx_hal_rcc.o
                0x080026f4                HAL_RCC_OscConfig
 .text.HAL_RCC_ClockConfig
                0x08002ccc      0x16c ./Drivers/STM32L4xx_HAL_Driver/Src/stm32l4xx_hal_rcc.o
                0x08002ccc                HAL_RCC_ClockConfig
 .text.HAL_RCC_GetPCLK1Freq
                0x08002e38       0x24 ./Drivers/STM32L4xx_HAL_Driver/Src/stm32l4xx_hal_rcc.o
                0x08002e38                HAL_RCC_GetPCLK1Freq
 .text.HAL_RCC_GetPCLK2Freq
                0x08002e5c       0x24 ./Drivers/STM32L4xx_HAL_Driver/Src/stm32l4xx_hal_rcc.o
                0x08002e5c                HAL_RCC_GetPCLK2Freq
 .text.RCCEx_PLLSAI1_Config
                0x08002e80      0x11c ./Drivers/STM32L4xx_HAL_Driver/Src/stm32l4xx_hal_rcc_ex.o
 .text.RCCEx_PLLSAI2_Config
                0x08002f9c      0x100 ./Drivers/STM32L4xx_HAL_Driver/Src/stm32l4xx_hal_rcc_ex.o
 .text.HAL_RCCEx_PeriphCLKConfig
                0x0800309c      0x41c ./Drivers/STM32L4xx_HAL_Driver/Src/stm32l4xx_hal_rcc_ex.o
                0x0800309c                HAL_RCCEx_PeriphCLKConfig
 .text.UART_SetConfig
                0x080034b8      0x238 ./Drivers/STM32L4xx_HAL_Driver/Src/stm32l4xx_hal_uart.o
                0x080034b8                UART_SetConfig
 .text.UART_AdvFeatureConfig
                0x080036f0       0xb0 ./Drivers/STM32L4xx_HAL_Driver/Src/stm32l4xx_hal_uart.o
                0x080036f0                UART_AdvFeatureConfig
 .text.UART_CheckIdleState
                0x080037a0      0x250 ./Drivers/STM32L4xx_HAL_Driver/Src/stm32l4xx_hal_uart.o
                0x080037a0                UART_CheckIdleState
 .text.HAL_UART_Init
                0x080039f0       0x64 ./Drivers/STM32L4xx_HAL_Driver/Src/stm32l4xx_hal_uart.o
                0x080039f0                HAL_UART_Init
 .text.arm_sin_f32
                0x08003a54       0x8c /Users/qiaomein/drone_stack/drone_stack/ThirdParty/Lib/GCC/libarm_cortexM4lf_math.a(arm_sin_f32.o)
                0x08003a54                arm_sin_f32
 .text.memset   0x08003ae0       0x10 /Applications/STM32CubeIDE.app/Contents/Eclipse/plugins/com.st.stm32cube.ide.mcu.externaltools.gnu-tools-for-stm32.13.3.rel1.macos64_1.0.0.202411102158/tools/bin/../lib/gcc/arm-none-eabi/13.3.1/../../../../arm-none-eabi/lib/thumb/v7e-m+fp/hard/libc_nano.a(libc_a-memset.o)
                0x08003ae0                memset
 .text.__libc_init_array
                0x08003af0       0x48 /Applications/STM32CubeIDE.app/Contents/Eclipse/plugins/com.st.stm32cube.ide.mcu.externaltools.gnu-tools-for-stm32.13.3.rel1.macos64_1.0.0.202411102158/tools/bin/../lib/gcc/arm-none-eabi/13.3.1/../../../../arm-none-eabi/lib/thumb/v7e-m+fp/hard/libc_nano.a(libc_a-init.o)
                0x08003af0                __libc_init_array
 *(.glue_7)
 .glue_7        0x08003b38        0x0 linker stubs
 *(.glue_7t)
 .glue_7t       0x08003b38        0x0 linker stubs
 *(.eh_frame)
 .eh_frame      0x08003b38        0x0 /Applications/STM32CubeIDE.app/Contents/Eclipse/plugins/com.st.stm32cube.ide.mcu.externaltools.gnu-tools-for-stm32.13.3.rel1.macos64_1.0.0.202411102158/tools/bin/../lib/gcc/arm-none-eabi/13.3.1/thumb/v7e-m+fp/hard/crtbegin.o
 *(.init)
 .init          0x08003b38        0x4 /Applications/STM32CubeIDE.app/Contents/Eclipse/plugins/com.st.stm32cube.ide.mcu.externaltools.gnu-tools-for-stm32.13.3.rel1.macos64_1.0.0.202411102158/tools/bin/../lib/gcc/arm-none-eabi/13.3.1/thumb/v7e-m+fp/hard/crti.o
                0x08003b38                _init
 .init          0x08003b3c        0x8 /Applications/STM32CubeIDE.app/Contents/Eclipse/plugins/com.st.stm32cube.ide.mcu.externaltools.gnu-tools-for-stm32.13.3.rel1.macos64_1.0.0.202411102158/tools/bin/../lib/gcc/arm-none-eabi/13.3.1/thumb/v7e-m+fp/hard/crtn.o
 *(.fini)
 .fini          0x08003b44        0x4 /Applications/STM32CubeIDE.app/Contents/Eclipse/plugins/com.st.stm32cube.ide.mcu.externaltools.gnu-tools-for-stm32.13.3.rel1.macos64_1.0.0.202411102158/tools/bin/../lib/gcc/arm-none-eabi/13.3.1/thumb/v7e-m+fp/hard/crti.o
                0x08003b44                _fini
 .fini          0x08003b48        0x8 /Applications/STM32CubeIDE.app/Contents/Eclipse/plugins/com.st.stm32cube.ide.mcu.externaltools.gnu-tools-for-stm32.13.3.rel1.macos64_1.0.0.202411102158/tools/bin/../lib/gcc/arm-none-eabi/13.3.1/thumb/v7e-m+fp/hard/crtn.o
                0x08003b50                        . = ALIGN (0x4)
                0x08003b50                        _etext = .

.vfp11_veneer   0x08003b50        0x0
 .vfp11_veneer  0x08003b50        0x0 linker stubs

.v4_bx          0x08003b50        0x0
 .v4_bx         0x08003b50        0x0 linker stubs

.iplt           0x08003b50        0x0
 .iplt          0x08003b50        0x0 /Applications/STM32CubeIDE.app/Contents/Eclipse/plugins/com.st.stm32cube.ide.mcu.externaltools.gnu-tools-for-stm32.13.3.rel1.macos64_1.0.0.202411102158/tools/bin/../lib/gcc/arm-none-eabi/13.3.1/thumb/v7e-m+fp/hard/crtbegin.o

.rodata         0x08003b50      0x84c
                0x08003b50                        . = ALIGN (0x4)
 *(.rodata)
 *(.rodata*)
 .rodata.MSIRangeTable
                0x08003b50       0x30 ./Core/Src/system_stm32l4xx.o
                0x08003b50                MSIRangeTable
 .rodata.APBPrescTable
                0x08003b80        0x8 ./Core/Src/system_stm32l4xx.o
                0x08003b80                APBPrescTable
 .rodata.AHBPrescTable
                0x08003b88       0x10 ./Core/Src/system_stm32l4xx.o
                0x08003b88                AHBPrescTable
 .rodata.sinTable_f32
                0x08003b98      0x804 /Users/qiaomein/drone_stack/drone_stack/ThirdParty/Lib/GCC/libarm_cortexM4lf_math.a(arm_common_tables.o)
                0x08003b98                sinTable_f32
                0x0800439c                        . = ALIGN (0x4)

.ARM.extab      0x0800439c        0x0
                0x0800439c                        . = ALIGN (0x4)
 *(.ARM.extab* .gnu.linkonce.armextab.*)
                0x0800439c                        . = ALIGN (0x4)

.ARM            0x0800439c        0x8
                0x0800439c                        . = ALIGN (0x4)
                0x0800439c                        __exidx_start = .
 *(.ARM.exidx*)
 .ARM.exidx     0x0800439c        0x8 /Applications/STM32CubeIDE.app/Contents/Eclipse/plugins/com.st.stm32cube.ide.mcu.externaltools.gnu-tools-for-stm32.13.3.rel1.macos64_1.0.0.202411102158/tools/bin/../lib/gcc/arm-none-eabi/13.3.1/thumb/v7e-m+fp/hard/libgcc.a(_udivmoddi4.o)
                0x080043a4                        __exidx_end = .
                0x080043a4                        . = ALIGN (0x4)

.preinit_array  0x080043a4        0x0
                0x080043a4                        . = ALIGN (0x4)
                0x080043a4                        PROVIDE (__preinit_array_start = .)
 *(.preinit_array*)
                0x080043a4                        PROVIDE (__preinit_array_end = .)
                0x080043a4                        . = ALIGN (0x4)

.init_array     0x080043a4        0x4
                0x080043a4                        . = ALIGN (0x4)
                0x080043a4                        PROVIDE (__init_array_start = .)
 *(SORT_BY_NAME(.init_array.*))
 *(.init_array*)
 .init_array    0x080043a4        0x4 /Applications/STM32CubeIDE.app/Contents/Eclipse/plugins/com.st.stm32cube.ide.mcu.externaltools.gnu-tools-for-stm32.13.3.rel1.macos64_1.0.0.202411102158/tools/bin/../lib/gcc/arm-none-eabi/13.3.1/thumb/v7e-m+fp/hard/crtbegin.o
                0x080043a8                        PROVIDE (__init_array_end = .)
                0x080043a8                        . = ALIGN (0x4)

.fini_array     0x080043a8        0x4
                0x080043a8                        . = ALIGN (0x4)
                [!provide]                        PROVIDE (__fini_array_start = .)
 *(SORT_BY_NAME(.fini_array.*))
 *(.fini_array*)
 .fini_array    0x080043a8        0x4 /Applications/STM32CubeIDE.app/Contents/Eclipse/plugins/com.st.stm32cube.ide.mcu.externaltools.gnu-tools-for-stm32.13.3.rel1.macos64_1.0.0.202411102158/tools/bin/../lib/gcc/arm-none-eabi/13.3.1/thumb/v7e-m+fp/hard/crtbegin.o
                [!provide]                        PROVIDE (__fini_array_end = .)
                0x080043ac                        . = ALIGN (0x4)
                0x080043ac                        _sidata = LOADADDR (.data)

.rel.dyn        0x080043ac        0x0
 .rel.iplt      0x080043ac        0x0 /Applications/STM32CubeIDE.app/Contents/Eclipse/plugins/com.st.stm32cube.ide.mcu.externaltools.gnu-tools-for-stm32.13.3.rel1.macos64_1.0.0.202411102158/tools/bin/../lib/gcc/arm-none-eabi/13.3.1/thumb/v7e-m+fp/hard/crtbegin.o

.data           0x20000000       0x10 load address 0x080043ac
                0x20000000                        . = ALIGN (0x4)
                0x20000000                        _sdata = .
 *(.data)
 *(.data*)
 .data.angle    0x20000000        0x4 ./Core/Src/main.o
                0x20000000                angle
 .data.SystemCoreClock
                0x20000004        0x4 ./Core/Src/system_stm32l4xx.o
                0x20000004                SystemCoreClock
 .data.uwTickFreq
                0x20000008        0x1 ./Drivers/STM32L4xx_HAL_Driver/Src/stm32l4xx_hal.o
                0x20000008                uwTickFreq
 *fill*         0x20000009        0x3 
 .data.uwTickPrio
                0x2000000c        0x4 ./Drivers/STM32L4xx_HAL_Driver/Src/stm32l4xx_hal.o
                0x2000000c                uwTickPrio
 *(.RamFunc)
 *(.RamFunc*)
                0x20000010                        . = ALIGN (0x4)
                0x20000010                        _edata = .

.igot.plt       0x20000010        0x0 load address 0x080043bc
 .igot.plt      0x20000010        0x0 /Applications/STM32CubeIDE.app/Contents/Eclipse/plugins/com.st.stm32cube.ide.mcu.externaltools.gnu-tools-for-stm32.13.3.rel1.macos64_1.0.0.202411102158/tools/bin/../lib/gcc/arm-none-eabi/13.3.1/thumb/v7e-m+fp/hard/crtbegin.o
                0x20000010                        . = ALIGN (0x4)

.bss            0x20000010      0x110 load address 0x080043bc
                0x20000010                        _sbss = .
                0x20000010                        __bss_start__ = _sbss
 *(.bss)
 .bss           0x20000010       0x1c /Applications/STM32CubeIDE.app/Contents/Eclipse/plugins/com.st.stm32cube.ide.mcu.externaltools.gnu-tools-for-stm32.13.3.rel1.macos64_1.0.0.202411102158/tools/bin/../lib/gcc/arm-none-eabi/13.3.1/thumb/v7e-m+fp/hard/crtbegin.o
 *(.bss*)
 .bss.stop_variable
                0x2000002c        0x1 ./Core/Src/VL53L0X.o
 *fill*         0x2000002d        0x3 
 .bss.result    0x20000030        0x4 ./Core/Src/main.o
                0x20000030                result
 .bss.accels    0x20000034        0x6 ./Core/Src/main.o
                0x20000034                accels
 .bss.status    0x2000003a        0x1 ./Core/Src/main.o
                0x2000003a                status
 .bss.button_counter
                0x2000003b        0x1 ./Core/Src/main.o
                0x2000003b                button_counter
 .bss.LED_FLAG  0x2000003c        0x1 ./Core/Src/main.o
                0x2000003c                LED_FLAG
 *fill*         0x2000003d        0x3 
 .bss.huart2    0x20000040       0x88 ./Core/Src/main.o
                0x20000040                huart2
 .bss.hi2c1     0x200000c8       0x54 ./Core/Src/main.o
                0x200000c8                hi2c1
 .bss.uwTick    0x2000011c        0x4 ./Drivers/STM32L4xx_HAL_Driver/Src/stm32l4xx_hal.o
                0x2000011c                uwTick
 *(COMMON)
                0x20000120                        . = ALIGN (0x4)
                0x20000120                        _ebss = .
                0x20000120                        __bss_end__ = _ebss

._user_heap_stack
                0x20000120      0x600 load address 0x080043bc
                0x20000120                        . = ALIGN (0x8)
                [!provide]                        PROVIDE (end = .)
                0x20000120                        PROVIDE (_end = .)
                0x20000320                        . = (. + _Min_Heap_Size)
 *fill*         0x20000120      0x200 
                0x20000720                        . = (. + _Min_Stack_Size)
 *fill*         0x20000320      0x400 
                0x20000720                        . = ALIGN (0x8)

/DISCARD/
 libc.a(*)
 libm.a(*)
 libgcc.a(*)

.ARM.attributes
                0x00000000       0x30
 *(.ARM.attributes)
 .ARM.attributes
                0x00000000       0x22 /Applications/STM32CubeIDE.app/Contents/Eclipse/plugins/com.st.stm32cube.ide.mcu.externaltools.gnu-tools-for-stm32.13.3.rel1.macos64_1.0.0.202411102158/tools/bin/../lib/gcc/arm-none-eabi/13.3.1/thumb/v7e-m+fp/hard/crti.o
 .ARM.attributes
                0x00000022       0x34 /Applications/STM32CubeIDE.app/Contents/Eclipse/plugins/com.st.stm32cube.ide.mcu.externaltools.gnu-tools-for-stm32.13.3.rel1.macos64_1.0.0.202411102158/tools/bin/../lib/gcc/arm-none-eabi/13.3.1/thumb/v7e-m+fp/hard/crtbegin.o
 .ARM.attributes
                0x00000056       0x30 ./Core/Src/IMU.o
 .ARM.attributes
                0x00000086       0x30 ./Core/Src/VL53L0X.o
 .ARM.attributes
                0x000000b6       0x30 ./Core/Src/main.o
 .ARM.attributes
                0x000000e6       0x30 ./Core/Src/stm32l4xx_hal_msp.o
 .ARM.attributes
                0x00000116       0x30 ./Core/Src/stm32l4xx_it.o
 .ARM.attributes
                0x00000146       0x30 ./Core/Src/system_stm32l4xx.o
 .ARM.attributes
                0x00000176       0x21 ./Core/Startup/startup_stm32l476rgtx.o
 .ARM.attributes
                0x00000197       0x30 ./Drivers/STM32L4xx_HAL_Driver/Src/stm32l4xx_hal.o
 .ARM.attributes
                0x000001c7       0x30 ./Drivers/STM32L4xx_HAL_Driver/Src/stm32l4xx_hal_cortex.o
 .ARM.attributes
                0x000001f7       0x30 ./Drivers/STM32L4xx_HAL_Driver/Src/stm32l4xx_hal_gpio.o
 .ARM.attributes
                0x00000227       0x30 ./Drivers/STM32L4xx_HAL_Driver/Src/stm32l4xx_hal_i2c.o
 .ARM.attributes
                0x00000257       0x30 ./Drivers/STM32L4xx_HAL_Driver/Src/stm32l4xx_hal_i2c_ex.o
 .ARM.attributes
                0x00000287       0x30 ./Drivers/STM32L4xx_HAL_Driver/Src/stm32l4xx_hal_pwr_ex.o
 .ARM.attributes
                0x000002b7       0x30 ./Drivers/STM32L4xx_HAL_Driver/Src/stm32l4xx_hal_rcc.o
 .ARM.attributes
                0x000002e7       0x30 ./Drivers/STM32L4xx_HAL_Driver/Src/stm32l4xx_hal_rcc_ex.o
 .ARM.attributes
                0x00000317       0x30 ./Drivers/STM32L4xx_HAL_Driver/Src/stm32l4xx_hal_uart.o
 .ARM.attributes
                0x00000347       0x34 /Users/qiaomein/drone_stack/drone_stack/ThirdParty/Lib/GCC/libarm_cortexM4lf_math.a(arm_sin_f32.o)
 .ARM.attributes
                0x0000037b       0x39 /Users/qiaomein/drone_stack/drone_stack/ThirdParty/Lib/GCC/libarm_cortexM4lf_math.a(arm_common_tables.o)
 .ARM.attributes
                0x000003b4       0x34 /Applications/STM32CubeIDE.app/Contents/Eclipse/plugins/com.st.stm32cube.ide.mcu.externaltools.gnu-tools-for-stm32.13.3.rel1.macos64_1.0.0.202411102158/tools/bin/../lib/gcc/arm-none-eabi/13.3.1/../../../../arm-none-eabi/lib/thumb/v7e-m+fp/hard/libc_nano.a(libc_a-memset.o)
 .ARM.attributes
                0x000003e8       0x34 /Applications/STM32CubeIDE.app/Contents/Eclipse/plugins/com.st.stm32cube.ide.mcu.externaltools.gnu-tools-for-stm32.13.3.rel1.macos64_1.0.0.202411102158/tools/bin/../lib/gcc/arm-none-eabi/13.3.1/../../../../arm-none-eabi/lib/thumb/v7e-m+fp/hard/libc_nano.a(libc_a-init.o)
 .ARM.attributes
                0x0000041c       0x22 /Applications/STM32CubeIDE.app/Contents/Eclipse/plugins/com.st.stm32cube.ide.mcu.externaltools.gnu-tools-for-stm32.13.3.rel1.macos64_1.0.0.202411102158/tools/bin/../lib/gcc/arm-none-eabi/13.3.1/thumb/v7e-m+fp/hard/libgcc.a(_aeabi_uldivmod.o)
 .ARM.attributes
                0x0000043e       0x34 /Applications/STM32CubeIDE.app/Contents/Eclipse/plugins/com.st.stm32cube.ide.mcu.externaltools.gnu-tools-for-stm32.13.3.rel1.macos64_1.0.0.202411102158/tools/bin/../lib/gcc/arm-none-eabi/13.3.1/thumb/v7e-m+fp/hard/libgcc.a(_udivmoddi4.o)
 .ARM.attributes
                0x00000472       0x22 /Applications/STM32CubeIDE.app/Contents/Eclipse/plugins/com.st.stm32cube.ide.mcu.externaltools.gnu-tools-for-stm32.13.3.rel1.macos64_1.0.0.202411102158/tools/bin/../lib/gcc/arm-none-eabi/13.3.1/thumb/v7e-m+fp/hard/libgcc.a(_dvmd_tls.o)
 .ARM.attributes
                0x00000494       0x22 /Applications/STM32CubeIDE.app/Contents/Eclipse/plugins/com.st.stm32cube.ide.mcu.externaltools.gnu-tools-for-stm32.13.3.rel1.macos64_1.0.0.202411102158/tools/bin/../lib/gcc/arm-none-eabi/13.3.1/thumb/v7e-m+fp/hard/crtn.o
OUTPUT(drone_stack.elf elf32-littlearm)
LOAD linker stubs
LOAD /Applications/STM32CubeIDE.app/Contents/Eclipse/plugins/com.st.stm32cube.ide.mcu.externaltools.gnu-tools-for-stm32.13.3.rel1.macos64_1.0.0.202411102158/tools/bin/../lib/gcc/arm-none-eabi/13.3.1/../../../../arm-none-eabi/lib/thumb/v7e-m+fp/hard/libc.a
LOAD /Applications/STM32CubeIDE.app/Contents/Eclipse/plugins/com.st.stm32cube.ide.mcu.externaltools.gnu-tools-for-stm32.13.3.rel1.macos64_1.0.0.202411102158/tools/bin/../lib/gcc/arm-none-eabi/13.3.1/../../../../arm-none-eabi/lib/thumb/v7e-m+fp/hard/libm.a
LOAD /Applications/STM32CubeIDE.app/Contents/Eclipse/plugins/com.st.stm32cube.ide.mcu.externaltools.gnu-tools-for-stm32.13.3.rel1.macos64_1.0.0.202411102158/tools/bin/../lib/gcc/arm-none-eabi/13.3.1/thumb/v7e-m+fp/hard/libgcc.a

.debug_info     0x00000000    0x1e442
 .debug_info    0x00000000      0xbbe ./Core/Src/IMU.o
 .debug_info    0x00000bbe     0x5349 ./Core/Src/VL53L0X.o
 .debug_info    0x00005f07     0x187f ./Core/Src/main.o
 .debug_info    0x00007786     0x11aa ./Core/Src/stm32l4xx_hal_msp.o
 .debug_info    0x00008930      0x179 ./Core/Src/stm32l4xx_it.o
 .debug_info    0x00008aa9      0x5cf ./Core/Src/system_stm32l4xx.o
 .debug_info    0x00009078       0x30 ./Core/Startup/startup_stm32l476rgtx.o
 .debug_info    0x000090a8      0xd10 ./Drivers/STM32L4xx_HAL_Driver/Src/stm32l4xx_hal.o
 .debug_info    0x00009db8     0x1018 ./Drivers/STM32L4xx_HAL_Driver/Src/stm32l4xx_hal_cortex.o
 .debug_info    0x0000add0      0x791 ./Drivers/STM32L4xx_HAL_Driver/Src/stm32l4xx_hal_gpio.o
 .debug_info    0x0000b561     0x6576 ./Drivers/STM32L4xx_HAL_Driver/Src/stm32l4xx_hal_i2c.o
 .debug_info    0x00011ad7      0x98e ./Drivers/STM32L4xx_HAL_Driver/Src/stm32l4xx_hal_i2c_ex.o
 .debug_info    0x00012465      0xa58 ./Drivers/STM32L4xx_HAL_Driver/Src/stm32l4xx_hal_pwr_ex.o
 .debug_info    0x00012ebd      0xe91 ./Drivers/STM32L4xx_HAL_Driver/Src/stm32l4xx_hal_rcc.o
 .debug_info    0x00013d4e     0x1111 ./Drivers/STM32L4xx_HAL_Driver/Src/stm32l4xx_hal_rcc_ex.o
 .debug_info    0x00014e5f     0x654d ./Drivers/STM32L4xx_HAL_Driver/Src/stm32l4xx_hal_uart.o
 .debug_info    0x0001b3ac     0x1612 /Users/qiaomein/drone_stack/drone_stack/ThirdParty/Lib/GCC/libarm_cortexM4lf_math.a(arm_sin_f32.o)
 .debug_info    0x0001c9be     0x1a84 /Users/qiaomein/drone_stack/drone_stack/ThirdParty/Lib/GCC/libarm_cortexM4lf_math.a(arm_common_tables.o)

.debug_abbrev   0x00000000     0x2c6f
 .debug_abbrev  0x00000000      0x27a ./Core/Src/IMU.o
 .debug_abbrev  0x0000027a      0x363 ./Core/Src/VL53L0X.o
 .debug_abbrev  0x000005dd      0x371 ./Core/Src/main.o
 .debug_abbrev  0x0000094e      0x20a ./Core/Src/stm32l4xx_hal_msp.o
 .debug_abbrev  0x00000b58      0x103 ./Core/Src/stm32l4xx_it.o
 .debug_abbrev  0x00000c5b      0x120 ./Core/Src/system_stm32l4xx.o
 .debug_abbrev  0x00000d7b       0x24 ./Core/Startup/startup_stm32l476rgtx.o
 .debug_abbrev  0x00000d9f      0x2de ./Drivers/STM32L4xx_HAL_Driver/Src/stm32l4xx_hal.o
 .debug_abbrev  0x0000107d      0x387 ./Drivers/STM32L4xx_HAL_Driver/Src/stm32l4xx_hal_cortex.o
 .debug_abbrev  0x00001404      0x20c ./Drivers/STM32L4xx_HAL_Driver/Src/stm32l4xx_hal_gpio.o
 .debug_abbrev  0x00001610      0x3fa ./Drivers/STM32L4xx_HAL_Driver/Src/stm32l4xx_hal_i2c.o
 .debug_abbrev  0x00001a0a      0x1c7 ./Drivers/STM32L4xx_HAL_Driver/Src/stm32l4xx_hal_i2c_ex.o
 .debug_abbrev  0x00001bd1      0x296 ./Drivers/STM32L4xx_HAL_Driver/Src/stm32l4xx_hal_pwr_ex.o
 .debug_abbrev  0x00001e67      0x2cc ./Drivers/STM32L4xx_HAL_Driver/Src/stm32l4xx_hal_rcc.o
 .debug_abbrev  0x00002133      0x2b9 ./Drivers/STM32L4xx_HAL_Driver/Src/stm32l4xx_hal_rcc_ex.o
 .debug_abbrev  0x000023ec      0x47a ./Drivers/STM32L4xx_HAL_Driver/Src/stm32l4xx_hal_uart.o
 .debug_abbrev  0x00002866      0x22c /Users/qiaomein/drone_stack/drone_stack/ThirdParty/Lib/GCC/libarm_cortexM4lf_math.a(arm_sin_f32.o)
 .debug_abbrev  0x00002a92      0x1dd /Users/qiaomein/drone_stack/drone_stack/ThirdParty/Lib/GCC/libarm_cortexM4lf_math.a(arm_common_tables.o)

.debug_loclists
                0x00000000     0xf27e
 .debug_loclists
                0x00000000      0x2da ./Core/Src/IMU.o
 .debug_loclists
                0x000002da     0x2259 ./Core/Src/VL53L0X.o
 .debug_loclists
                0x00002533       0x29 ./Core/Src/main.o
 .debug_loclists
                0x0000255c       0x87 ./Core/Src/stm32l4xx_hal_msp.o
 .debug_loclists
                0x000025e3       0xdc ./Core/Src/system_stm32l4xx.o
 .debug_loclists
                0x000026bf      0x173 ./Drivers/STM32L4xx_HAL_Driver/Src/stm32l4xx_hal.o
 .debug_loclists
                0x00002832      0x5ea ./Drivers/STM32L4xx_HAL_Driver/Src/stm32l4xx_hal_cortex.o
 .debug_loclists
                0x00002e1c      0x546 ./Drivers/STM32L4xx_HAL_Driver/Src/stm32l4xx_hal_gpio.o
 .debug_loclists
                0x00003362     0x6d08 ./Drivers/STM32L4xx_HAL_Driver/Src/stm32l4xx_hal_i2c.o
 .debug_loclists
                0x0000a06a      0x15b ./Drivers/STM32L4xx_HAL_Driver/Src/stm32l4xx_hal_i2c_ex.o
 .debug_loclists
                0x0000a1c5      0x434 ./Drivers/STM32L4xx_HAL_Driver/Src/stm32l4xx_hal_pwr_ex.o
 .debug_loclists
                0x0000a5f9      0x5da ./Drivers/STM32L4xx_HAL_Driver/Src/stm32l4xx_hal_rcc.o
 .debug_loclists
                0x0000abd3      0xa4b ./Drivers/STM32L4xx_HAL_Driver/Src/stm32l4xx_hal_rcc_ex.o
 .debug_loclists
                0x0000b61e     0x3c60 ./Drivers/STM32L4xx_HAL_Driver/Src/stm32l4xx_hal_uart.o

.debug_aranges  0x00000000      0xb98
 .debug_aranges
                0x00000000       0x40 ./Core/Src/IMU.o
 .debug_aranges
                0x00000040       0x50 ./Core/Src/VL53L0X.o
 .debug_aranges
                0x00000090       0x38 ./Core/Src/main.o
 .debug_aranges
                0x000000c8       0x40 ./Core/Src/stm32l4xx_hal_msp.o
 .debug_aranges
                0x00000108       0x68 ./Core/Src/stm32l4xx_it.o
 .debug_aranges
                0x00000170       0x28 ./Core/Src/system_stm32l4xx.o
 .debug_aranges
                0x00000198       0x28 ./Core/Startup/startup_stm32l476rgtx.o
 .debug_aranges
                0x000001c0      0x130 ./Drivers/STM32L4xx_HAL_Driver/Src/stm32l4xx_hal.o
 .debug_aranges
                0x000002f0       0xb8 ./Drivers/STM32L4xx_HAL_Driver/Src/stm32l4xx_hal_cortex.o
 .debug_aranges
                0x000003a8       0x58 ./Drivers/STM32L4xx_HAL_Driver/Src/stm32l4xx_hal_gpio.o
 .debug_aranges
                0x00000400      0x250 ./Drivers/STM32L4xx_HAL_Driver/Src/stm32l4xx_hal_i2c.o
 .debug_aranges
                0x00000650       0x48 ./Drivers/STM32L4xx_HAL_Driver/Src/stm32l4xx_hal_i2c_ex.o
 .debug_aranges
                0x00000698      0x160 ./Drivers/STM32L4xx_HAL_Driver/Src/stm32l4xx_hal_pwr_ex.o
 .debug_aranges
                0x000007f8       0x90 ./Drivers/STM32L4xx_HAL_Driver/Src/stm32l4xx_hal_rcc.o
 .debug_aranges
                0x00000888       0xc0 ./Drivers/STM32L4xx_HAL_Driver/Src/stm32l4xx_hal_rcc_ex.o
 .debug_aranges
                0x00000948      0x218 ./Drivers/STM32L4xx_HAL_Driver/Src/stm32l4xx_hal_uart.o
 .debug_aranges
                0x00000b60       0x20 /Users/qiaomein/drone_stack/drone_stack/ThirdParty/Lib/GCC/libarm_cortexM4lf_math.a(arm_sin_f32.o)
 .debug_aranges
                0x00000b80       0x18 /Users/qiaomein/drone_stack/drone_stack/ThirdParty/Lib/GCC/libarm_cortexM4lf_math.a(arm_common_tables.o)

.debug_rnglists
                0x00000000     0x19b1
 .debug_rnglists
                0x00000000       0x62 ./Core/Src/IMU.o
 .debug_rnglists
                0x00000062      0x598 ./Core/Src/VL53L0X.o
 .debug_rnglists
                0x000005fa       0x5c ./Core/Src/main.o
 .debug_rnglists
                0x00000656       0x5d ./Core/Src/stm32l4xx_hal_msp.o
 .debug_rnglists
                0x000006b3       0x49 ./Core/Src/stm32l4xx_it.o
 .debug_rnglists
                0x000006fc       0x1a ./Core/Src/system_stm32l4xx.o
 .debug_rnglists
                0x00000716       0x19 ./Core/Startup/startup_stm32l476rgtx.o
 .debug_rnglists
                0x0000072f       0xdf ./Drivers/STM32L4xx_HAL_Driver/Src/stm32l4xx_hal.o
 .debug_rnglists
                0x0000080e       0xfa ./Drivers/STM32L4xx_HAL_Driver/Src/stm32l4xx_hal_cortex.o
 .debug_rnglists
                0x00000908       0x4d ./Drivers/STM32L4xx_HAL_Driver/Src/stm32l4xx_hal_gpio.o
 .debug_rnglists
                0x00000955      0x912 ./Drivers/STM32L4xx_HAL_Driver/Src/stm32l4xx_hal_i2c.o
 .debug_rnglists
                0x00001267       0x4f ./Drivers/STM32L4xx_HAL_Driver/Src/stm32l4xx_hal_i2c_ex.o
 .debug_rnglists
                0x000012b6      0x109 ./Drivers/STM32L4xx_HAL_Driver/Src/stm32l4xx_hal_pwr_ex.o
 .debug_rnglists
                0x000013bf       0xbf ./Drivers/STM32L4xx_HAL_Driver/Src/stm32l4xx_hal_rcc.o
 .debug_rnglists
                0x0000147e       0xcf ./Drivers/STM32L4xx_HAL_Driver/Src/stm32l4xx_hal_rcc_ex.o
 .debug_rnglists
                0x0000154d      0x464 ./Drivers/STM32L4xx_HAL_Driver/Src/stm32l4xx_hal_uart.o

.debug_macro    0x00000000    0x268a7
 .debug_macro   0x00000000      0x1dd ./Core/Src/IMU.o
 .debug_macro   0x000001dd      0xafc ./Core/Src/IMU.o
 .debug_macro   0x00000cd9      0x1a7 ./Core/Src/IMU.o
 .debug_macro   0x00000e80       0x2e ./Core/Src/IMU.o
 .debug_macro   0x00000eae       0x28 ./Core/Src/IMU.o
 .debug_macro   0x00000ed6       0x22 ./Core/Src/IMU.o
 .debug_macro   0x00000ef8       0x8e ./Core/Src/IMU.o
 .debug_macro   0x00000f86       0x51 ./Core/Src/IMU.o
 .debug_macro   0x00000fd7      0x103 ./Core/Src/IMU.o
 .debug_macro   0x000010da       0x6a ./Core/Src/IMU.o
 .debug_macro   0x00001144      0x1df ./Core/Src/IMU.o
 .debug_macro   0x00001323       0x1c ./Core/Src/IMU.o
 .debug_macro   0x0000133f       0x22 ./Core/Src/IMU.o
 .debug_macro   0x00001361       0xfb ./Core/Src/IMU.o
 .debug_macro   0x0000145c     0x1011 ./Core/Src/IMU.o
 .debug_macro   0x0000246d      0x11f ./Core/Src/IMU.o
 .debug_macro   0x0000258c    0x1a17a ./Core/Src/IMU.o
 .debug_macro   0x0001c706       0x6d ./Core/Src/IMU.o
 .debug_macro   0x0001c773     0x38fb ./Core/Src/IMU.o
 .debug_macro   0x0002006e      0x190 ./Core/Src/IMU.o
 .debug_macro   0x000201fe       0x5c ./Core/Src/IMU.o
 .debug_macro   0x0002025a     0x159e ./Core/Src/IMU.o
 .debug_macro   0x000217f8      0x5a5 ./Core/Src/IMU.o
 .debug_macro   0x00021d9d      0x1b9 ./Core/Src/IMU.o
 .debug_macro   0x00021f56      0x18b ./Core/Src/IMU.o
 .debug_macro   0x000220e1      0x26b ./Core/Src/IMU.o
 .debug_macro   0x0002234c      0x23d ./Core/Src/IMU.o
 .debug_macro   0x00022589      0x241 ./Core/Src/IMU.o
 .debug_macro   0x000227ca      0x37c ./Core/Src/IMU.o
 .debug_macro   0x00022b46       0xd6 ./Core/Src/IMU.o
 .debug_macro   0x00022c1c      0x22c ./Core/Src/IMU.o
 .debug_macro   0x00022e48       0x61 ./Core/Src/IMU.o
 .debug_macro   0x00022ea9       0xa5 ./Core/Src/IMU.o
 .debug_macro   0x00022f4e      0x122 ./Core/Src/IMU.o
 .debug_macro   0x00023070      0x3ef ./Core/Src/IMU.o
 .debug_macro   0x0002345f      0x5cf ./Core/Src/IMU.o
 .debug_macro   0x00023a2e       0x44 ./Core/Src/IMU.o
 .debug_macro   0x00023a72      0x330 ./Core/Src/IMU.o
 .debug_macro   0x00023da2       0x88 ./Core/Src/IMU.o
 .debug_macro   0x00023e2a       0x52 ./Core/Src/IMU.o
 .debug_macro   0x00023e7c      0x1dd ./Core/Src/VL53L0X.o
 .debug_macro   0x00024059       0xc4 ./Core/Src/VL53L0X.o
 .debug_macro   0x0002411d      0x2f7 ./Core/Src/main.o
 .debug_macro   0x00024414       0x82 ./Core/Src/main.o
 .debug_macro   0x00024496       0x58 ./Core/Src/main.o
 .debug_macro   0x000244ee       0x61 ./Core/Src/main.o
 .debug_macro   0x0002454f       0x2a ./Core/Src/main.o
 .debug_macro   0x00024579       0x43 ./Core/Src/main.o
 .debug_macro   0x000245bc       0x34 ./Core/Src/main.o
 .debug_macro   0x000245f0      0x370 ./Core/Src/main.o
 .debug_macro   0x00024960       0x16 ./Core/Src/main.o
 .debug_macro   0x00024976       0x4a ./Core/Src/main.o
 .debug_macro   0x000249c0       0x34 ./Core/Src/main.o
 .debug_macro   0x000249f4       0x10 ./Core/Src/main.o
 .debug_macro   0x00024a04       0x58 ./Core/Src/main.o
 .debug_macro   0x00024a5c       0x8e ./Core/Src/main.o
 .debug_macro   0x00024aea       0x1c ./Core/Src/main.o
 .debug_macro   0x00024b06      0x185 ./Core/Src/main.o
 .debug_macro   0x00024c8b       0x10 ./Core/Src/main.o
 .debug_macro   0x00024c9b       0x3c ./Core/Src/main.o
 .debug_macro   0x00024cd7       0x20 ./Core/Src/main.o
 .debug_macro   0x00024cf7      0x19b ./Core/Src/main.o
 .debug_macro   0x00024e92      0x201 ./Core/Src/main.o
 .debug_macro   0x00025093       0xc8 ./Core/Src/main.o
 .debug_macro   0x0002515b      0x1d4 ./Core/Src/stm32l4xx_hal_msp.o
 .debug_macro   0x0002532f      0x1de ./Core/Src/stm32l4xx_it.o
 .debug_macro   0x0002550d      0x1c5 ./Core/Src/system_stm32l4xx.o
 .debug_macro   0x000256d2      0x213 ./Drivers/STM32L4xx_HAL_Driver/Src/stm32l4xx_hal.o
 .debug_macro   0x000258e5      0x1c5 ./Drivers/STM32L4xx_HAL_Driver/Src/stm32l4xx_hal_cortex.o
 .debug_macro   0x00025aaa      0x1cc ./Drivers/STM32L4xx_HAL_Driver/Src/stm32l4xx_hal_gpio.o
 .debug_macro   0x00025c76      0x291 ./Drivers/STM32L4xx_HAL_Driver/Src/stm32l4xx_hal_i2c.o
 .debug_macro   0x00025f07      0x1c5 ./Drivers/STM32L4xx_HAL_Driver/Src/stm32l4xx_hal_i2c_ex.o
 .debug_macro   0x000260cc      0x1e9 ./Drivers/STM32L4xx_HAL_Driver/Src/stm32l4xx_hal_pwr_ex.o
 .debug_macro   0x000262b5      0x207 ./Drivers/STM32L4xx_HAL_Driver/Src/stm32l4xx_hal_rcc.o
 .debug_macro   0x000264bc      0x1fb ./Drivers/STM32L4xx_HAL_Driver/Src/stm32l4xx_hal_rcc_ex.o
 .debug_macro   0x000266b7      0x1f0 ./Drivers/STM32L4xx_HAL_Driver/Src/stm32l4xx_hal_uart.o

.debug_line     0x00000000    0x199a4
 .debug_line    0x00000000      0x856 ./Core/Src/IMU.o
 .debug_line    0x00000856     0x1a8e ./Core/Src/VL53L0X.o
 .debug_line    0x000022e4      0xcdb ./Core/Src/main.o
 .debug_line    0x00002fbf      0x8b3 ./Core/Src/stm32l4xx_hal_msp.o
 .debug_line    0x00003872      0x7c1 ./Core/Src/stm32l4xx_it.o
 .debug_line    0x00004033      0x7c6 ./Core/Src/system_stm32l4xx.o
 .debug_line    0x000047f9       0x7a ./Core/Startup/startup_stm32l476rgtx.o
 .debug_line    0x00004873      0xbf7 ./Drivers/STM32L4xx_HAL_Driver/Src/stm32l4xx_hal.o
 .debug_line    0x0000546a      0xd46 ./Drivers/STM32L4xx_HAL_Driver/Src/stm32l4xx_hal_cortex.o
 .debug_line    0x000061b0      0xfec ./Drivers/STM32L4xx_HAL_Driver/Src/stm32l4xx_hal_gpio.o
 .debug_line    0x0000719c     0x80f4 ./Drivers/STM32L4xx_HAL_Driver/Src/stm32l4xx_hal_i2c.o
 .debug_line    0x0000f290      0x92b ./Drivers/STM32L4xx_HAL_Driver/Src/stm32l4xx_hal_i2c_ex.o
 .debug_line    0x0000fbbb      0xe8e ./Drivers/STM32L4xx_HAL_Driver/Src/stm32l4xx_hal_pwr_ex.o
 .debug_line    0x00010a49     0x1572 ./Drivers/STM32L4xx_HAL_Driver/Src/stm32l4xx_hal_rcc.o
 .debug_line    0x00011fbb     0x1873 ./Drivers/STM32L4xx_HAL_Driver/Src/stm32l4xx_hal_rcc_ex.o
 .debug_line    0x0001382e     0x5c63 ./Drivers/STM32L4xx_HAL_Driver/Src/stm32l4xx_hal_uart.o
 .debug_line    0x00019491      0x2d0 /Users/qiaomein/drone_stack/drone_stack/ThirdParty/Lib/GCC/libarm_cortexM4lf_math.a(arm_sin_f32.o)
 .debug_line    0x00019761      0x243 /Users/qiaomein/drone_stack/drone_stack/ThirdParty/Lib/GCC/libarm_cortexM4lf_math.a(arm_common_tables.o)

.debug_str      0x00000000    0xec59d
 .debug_str     0x00000000    0xec59d ./Core/Src/IMU.o
                              0xe3392 (size before relaxing)
 .debug_str     0x000ec59d    0xe37b9 ./Core/Src/VL53L0X.o
 .debug_str     0x000ec59d    0xe892c ./Core/Src/main.o
 .debug_str     0x000ec59d    0xe38e5 ./Core/Src/stm32l4xx_hal_msp.o
 .debug_str     0x000ec59d    0xe2dd1 ./Core/Src/stm32l4xx_it.o
 .debug_str     0x000ec59d    0xe2d5c ./Core/Src/system_stm32l4xx.o
 .debug_str     0x000ec59d       0x72 ./Core/Startup/startup_stm32l476rgtx.o
 .debug_str     0x000ec59d    0xe395b ./Drivers/STM32L4xx_HAL_Driver/Src/stm32l4xx_hal.o
 .debug_str     0x000ec59d    0xe35d5 ./Drivers/STM32L4xx_HAL_Driver/Src/stm32l4xx_hal_cortex.o
 .debug_str     0x000ec59d    0xe2ed5 ./Drivers/STM32L4xx_HAL_Driver/Src/stm32l4xx_hal_gpio.o
 .debug_str     0x000ec59d    0xe3f5d ./Drivers/STM32L4xx_HAL_Driver/Src/stm32l4xx_hal_i2c.o
 .debug_str     0x000ec59d    0xe3269 ./Drivers/STM32L4xx_HAL_Driver/Src/stm32l4xx_hal_i2c_ex.o
 .debug_str     0x000ec59d    0xe32b7 ./Drivers/STM32L4xx_HAL_Driver/Src/stm32l4xx_hal_pwr_ex.o
 .debug_str     0x000ec59d    0xe33a2 ./Drivers/STM32L4xx_HAL_Driver/Src/stm32l4xx_hal_rcc.o
 .debug_str     0x000ec59d    0xe351b ./Drivers/STM32L4xx_HAL_Driver/Src/stm32l4xx_hal_rcc_ex.o
 .debug_str     0x000ec59d    0xe3ac5 ./Drivers/STM32L4xx_HAL_Driver/Src/stm32l4xx_hal_uart.o
 .debug_str     0x000ec59d      0xd42 /Users/qiaomein/drone_stack/drone_stack/ThirdParty/Lib/GCC/libarm_cortexM4lf_math.a(arm_sin_f32.o)
 .debug_str     0x000ec59d      0xd1d /Users/qiaomein/drone_stack/drone_stack/ThirdParty/Lib/GCC/libarm_cortexM4lf_math.a(arm_common_tables.o)

.comment        0x00000000       0xb8
 .comment       0x00000000       0xb8 ./Core/Src/IMU.o
                                 0x44 (size before relaxing)
 .comment       0x000000b8       0x44 ./Core/Src/VL53L0X.o
 .comment       0x000000b8       0x44 ./Core/Src/main.o
 .comment       0x000000b8       0x44 ./Core/Src/stm32l4xx_hal_msp.o
 .comment       0x000000b8       0x44 ./Core/Src/stm32l4xx_it.o
 .comment       0x000000b8       0x44 ./Core/Src/system_stm32l4xx.o
 .comment       0x000000b8       0x44 ./Drivers/STM32L4xx_HAL_Driver/Src/stm32l4xx_hal.o
 .comment       0x000000b8       0x44 ./Drivers/STM32L4xx_HAL_Driver/Src/stm32l4xx_hal_cortex.o
 .comment       0x000000b8       0x44 ./Drivers/STM32L4xx_HAL_Driver/Src/stm32l4xx_hal_gpio.o
 .comment       0x000000b8       0x44 ./Drivers/STM32L4xx_HAL_Driver/Src/stm32l4xx_hal_i2c.o
 .comment       0x000000b8       0x44 ./Drivers/STM32L4xx_HAL_Driver/Src/stm32l4xx_hal_i2c_ex.o
 .comment       0x000000b8       0x44 ./Drivers/STM32L4xx_HAL_Driver/Src/stm32l4xx_hal_pwr_ex.o
 .comment       0x000000b8       0x44 ./Drivers/STM32L4xx_HAL_Driver/Src/stm32l4xx_hal_rcc.o
 .comment       0x000000b8       0x44 ./Drivers/STM32L4xx_HAL_Driver/Src/stm32l4xx_hal_rcc_ex.o
 .comment       0x000000b8       0x44 ./Drivers/STM32L4xx_HAL_Driver/Src/stm32l4xx_hal_uart.o
 .comment       0x000000b8       0x76 /Users/qiaomein/drone_stack/drone_stack/ThirdParty/Lib/GCC/libarm_cortexM4lf_math.a(arm_sin_f32.o)
 .comment       0x000000b8       0x76 /Users/qiaomein/drone_stack/drone_stack/ThirdParty/Lib/GCC/libarm_cortexM4lf_math.a(arm_common_tables.o)

.debug_frame    0x00000000     0x2060
 .debug_frame   0x00000000       0xbc ./Core/Src/IMU.o
 .debug_frame   0x000000bc      0x114 ./Core/Src/VL53L0X.o
 .debug_frame   0x000001d0       0x74 ./Core/Src/main.o
 .debug_frame   0x00000244       0xa4 ./Core/Src/stm32l4xx_hal_msp.o
 .debug_frame   0x000002e8       0xbc ./Core/Src/stm32l4xx_it.o
 .debug_frame   0x000003a4       0x30 ./Core/Src/system_stm32l4xx.o
 .debug_frame   0x000003d4      0x28c ./Drivers/STM32L4xx_HAL_Driver/Src/stm32l4xx_hal.o
 .debug_frame   0x00000660      0x178 ./Drivers/STM32L4xx_HAL_Driver/Src/stm32l4xx_hal_cortex.o
 .debug_frame   0x000007d8      0x108 ./Drivers/STM32L4xx_HAL_Driver/Src/stm32l4xx_hal_gpio.o
 .debug_frame   0x000008e0      0x924 ./Drivers/STM32L4xx_HAL_Driver/Src/stm32l4xx_hal_i2c.o
 .debug_frame   0x00001204       0xbc ./Drivers/STM32L4xx_HAL_Driver/Src/stm32l4xx_hal_i2c_ex.o
 .debug_frame   0x000012c0      0x2a8 ./Drivers/STM32L4xx_HAL_Driver/Src/stm32l4xx_hal_pwr_ex.o
 .debug_frame   0x00001568      0x1c4 ./Drivers/STM32L4xx_HAL_Driver/Src/stm32l4xx_hal_rcc.o
 .debug_frame   0x0000172c      0x22c ./Drivers/STM32L4xx_HAL_Driver/Src/stm32l4xx_hal_rcc_ex.o
 .debug_frame   0x00001958      0x63c ./Drivers/STM32L4xx_HAL_Driver/Src/stm32l4xx_hal_uart.o
 .debug_frame   0x00001f94       0x20 /Users/qiaomein/drone_stack/drone_stack/ThirdParty/Lib/GCC/libarm_cortexM4lf_math.a(arm_sin_f32.o)
 .debug_frame   0x00001fb4       0x20 /Applications/STM32CubeIDE.app/Contents/Eclipse/plugins/com.st.stm32cube.ide.mcu.externaltools.gnu-tools-for-stm32.13.3.rel1.macos64_1.0.0.202411102158/tools/bin/../lib/gcc/arm-none-eabi/13.3.1/../../../../arm-none-eabi/lib/thumb/v7e-m+fp/hard/libc_nano.a(libc_a-memset.o)
 .debug_frame   0x00001fd4       0x2c /Applications/STM32CubeIDE.app/Contents/Eclipse/plugins/com.st.stm32cube.ide.mcu.externaltools.gnu-tools-for-stm32.13.3.rel1.macos64_1.0.0.202411102158/tools/bin/../lib/gcc/arm-none-eabi/13.3.1/../../../../arm-none-eabi/lib/thumb/v7e-m+fp/hard/libc_nano.a(libc_a-init.o)
 .debug_frame   0x00002000       0x2c /Applications/STM32CubeIDE.app/Contents/Eclipse/plugins/com.st.stm32cube.ide.mcu.externaltools.gnu-tools-for-stm32.13.3.rel1.macos64_1.0.0.202411102158/tools/bin/../lib/gcc/arm-none-eabi/13.3.1/thumb/v7e-m+fp/hard/libgcc.a(_aeabi_uldivmod.o)
 .debug_frame   0x0000202c       0x34 /Applications/STM32CubeIDE.app/Contents/Eclipse/plugins/com.st.stm32cube.ide.mcu.externaltools.gnu-tools-for-stm32.13.3.rel1.macos64_1.0.0.202411102158/tools/bin/../lib/gcc/arm-none-eabi/13.3.1/thumb/v7e-m+fp/hard/libgcc.a(_udivmoddi4.o)

.debug_line_str
                0x00000000       0x56
 .debug_line_str
                0x00000000       0x56 ./Core/Startup/startup_stm32l476rgtx.o

.debug_loc      0x00000000       0xfa
 .debug_loc     0x00000000       0xfa /Users/qiaomein/drone_stack/drone_stack/ThirdParty/Lib/GCC/libarm_cortexM4lf_math.a(arm_sin_f32.o)

.debug_ranges   0x00000000       0x10
 .debug_ranges  0x00000000       0x10 /Users/qiaomein/drone_stack/drone_stack/ThirdParty/Lib/GCC/libarm_cortexM4lf_math.a(arm_sin_f32.o)
